I'm sorry, but errors were detected in your script. Please correct the
errors listed below, and try again.


File "game/script2.rpy", line 14: invalid syntax
    name = renpy.input(a "Как вас зрвут?")
                          ^

Ren'Py Version: Ren'Py 8.1.1.23060707
Sat May 18 20:34:01 2024
